// Jest Snapshot v1, https://goo.gl/fbAQLP

exports[`Should Render ExpenseListItem 1`] = `
<div>
  <h3>
    Gum
  </h3>
  <p>
    195
     - 
    0
  </p>
  <button>
    <Link
      replace={false}
      to="/edit/1"
    >
      Edit
    </Link>
  </button>
</div>
`;
