// Jest Snapshot v1, https://goo.gl/fbAQLP

exports[`Should Render ExpenseDashbord 1`] = `
<div>
  <Connect(ExpenseList) />
  <Connect(ExpenseListFilter) />
</div>
`;
